// Jest Snapshot v1, https://goo.gl/fbAQLP

exports[`should take a snapshot 1`] = `
<DocumentFragment>
  <h1>
    Header
  </h1>
</DocumentFragment>
`;
